 Loader

 Timestamp is 62fb1393 (Mon Aug 15 20:48:35 2022)

 Preferred load address is 0000000180000000

 Start         Length     Name                   Class
 0001:00000000 00000020H .text                   CODE
 0001:00000020 000000a0H .text$mn                CODE
 0002:00000000 000010e2H .managedcode$I          CODE
 0003:00000000 00000c84H .rdata                  DATA
 0003:00000c84 00000020H .rdata$voltmd           DATA
 0003:00000ca4 00000188H .rdata$zzzdbg           DATA
 0003:00000e2c 00000574H .xdata                  DATA
 0003:000013a0 00000000H .edata                  DATA
 0004:00000000 00000118H .data                   DATA
 0004:00000118 00000030H .bss                    DATA
 0005:00000000 00000264H .pdata                  DATA
 0006:00000000 00000008H .modules$I              DATA
 0007:00000000 000000a0H .rsrc$01                DATA
 0007:000000a0 00000438H .rsrc$02                DATA

  Address         Publics by Value              Rva+Base               Lib:Object

 0000:00000000       __AbsoluteZero             0000000000000000     <absolute>
 0000:00000000       ___safe_se_handler_count   0000000000000000     <absolute>
 0000:00000000       ___safe_se_handler_table   0000000000000000     <absolute>
 0000:00000000       __arm64x_extra_rfe_table   0000000000000000     <absolute>
 0000:00000000       __arm64x_extra_rfe_table_size 0000000000000000     <absolute>
 0000:00000000       __arm64x_native_entrypoint 0000000000000000     <absolute>
 0000:00000000       __arm64x_redirection_metadata 0000000000000000     <absolute>
 0000:00000000       __arm64x_redirection_metadata_count 0000000000000000     <absolute>
 0000:00000000       __dynamic_value_reloc_table 0000000000000000     <absolute>
 0000:00000000       __enclave_config           0000000000000000     <absolute>
 0000:00000000       __guard_check_icall_a64n_fptr 0000000000000000     <absolute>
 0000:00000000       __guard_eh_cont_count      0000000000000000     <absolute>
 0000:00000000       __guard_eh_cont_table      0000000000000000     <absolute>
 0000:00000000       __guard_fids_count         0000000000000000     <absolute>
 0000:00000000       __guard_fids_table         0000000000000000     <absolute>
 0000:00000000       __guard_flags              0000000000000000     <absolute>
 0000:00000000       __guard_iat_count          0000000000000000     <absolute>
 0000:00000000       __guard_iat_table          0000000000000000     <absolute>
 0000:00000000       __guard_longjmp_count      0000000000000000     <absolute>
 0000:00000000       __guard_longjmp_table      0000000000000000     <absolute>
 0000:00000000       __hybrid_auxiliary_iat     0000000000000000     <absolute>
 0000:00000000       __hybrid_auxiliary_iat_copy 0000000000000000     <absolute>
 0000:00000000       __hybrid_code_map          0000000000000000     <absolute>
 0000:00000000       __hybrid_code_map_count    0000000000000000     <absolute>
 0000:00000000       __x64_code_ranges_to_entry_points 0000000000000000     <absolute>
 0000:00000000       __x64_code_ranges_to_entry_points_count 0000000000000000     <absolute>
 0001:00000000       __GetNonGCStaticBase_Loader_Loader_Platform 0000000180001000     Loader.obj
 0001:00000008       __GetGCStaticBase_String   0000000180001008     Loader.obj
 0001:00000020       cpuid                      0000000180001020 f   NativeLib:cpuid.obj
 0001:00000030       cpuid_GetVendor            0000000180001030 f   NativeLib:cpuid.obj
 0002:00000000       CoreLib_System_Console__Clear 0000000180002000     Loader.obj
 0002:00000020       CoreLib_System_Console__WriteLine 0000000180002020     Loader.obj
 0002:00000050       IntPtr___ctor              0000000180002050     Loader.obj
 0002:00000090       IntPtr__op_Explicit        0000000180002090     Loader.obj
 0002:000000b0       IntPtr__op_Explicit_0      00000001800020b0     Loader.obj
 0002:000000e0       Object___ctor              00000001800020e0     Loader.obj
 0002:000000f0       String__Ctor               00000001800020f0     Loader.obj
 0002:00000190       String__Ctor_3             0000000180002190     Loader.obj
 0002:000002d0       String___cctor             00000001800022d0     Loader.obj
 0002:00000300       CoreLib_System_Runtime_CompilerServices_RuntimeHelpers__get_OffsetToStringData 0000000180002300     Loader.obj
 0002:00000320       CoreLib_CoreLib_Platform__Allocate 0000000180002320     Loader.obj
 0002:000003e0       CoreLib_CoreLib_Platform__CopyMemory 00000001800023e0     Loader.obj
 0002:00000480       CoreLib_CoreLib_Platform__ZeroMemory 0000000180002480     Loader.obj
 0002:00000510       CoreLib_CoreLib_Platform__ClearConsole 0000000180002510     Loader.obj
 0002:00000580       CoreLib_CoreLib_Platform__WriteLine 0000000180002580     Loader.obj
 0002:00000640       CoreLib_Internal_Runtime_EEType__get_ComponentSize 0000000180002640     Loader.obj
 0002:00000670       CoreLib_Internal_Runtime_EEType__get_BaseSize 0000000180002670     Loader.obj
 0002:000006a0       CoreLib_Internal_Runtime_CompilerHelpers_InteropHelpers__StringToAnsiString 00000001800026a0     Loader.obj
 0002:00000720       CoreLib_Internal_Runtime_CompilerHelpers_InteropHelpers__CoTaskMemFree 0000000180002720     Loader.obj
 0002:00000730       CoreLib_Internal_Runtime_CompilerHelpers_StartupCodeHelpers__RhpReversePInvoke 0000000180002730     Loader.obj
 0002:00000730       RhpReversePInvoke          0000000180002730     Loader.obj
 0002:00000740       CoreLib_Internal_Runtime_CompilerHelpers_StartupCodeHelpers__RhpReversePInvokeReturn 0000000180002740     Loader.obj
 0002:00000740       RhpReversePInvokeReturn    0000000180002740     Loader.obj
 0002:00000750       CoreLib_Internal_Runtime_CompilerHelpers_StartupCodeHelpers__RhpPInvoke 0000000180002750     Loader.obj
 0002:00000750       RhpPInvoke                 0000000180002750     Loader.obj
 0002:00000760       CoreLib_Internal_Runtime_CompilerHelpers_StartupCodeHelpers__RhpPInvokeReturn 0000000180002760     Loader.obj
 0002:00000760       RhpPInvokeReturn           0000000180002760     Loader.obj
 0002:00000770       CoreLib_Internal_Runtime_CompilerHelpers_StartupCodeHelpers__RhpFallbackFailFast 0000000180002770     Loader.obj
 0002:00000770       RhpFallbackFailFast        0000000180002770     Loader.obj
 0002:00000790       CoreLib_Internal_Runtime_CompilerHelpers_StartupCodeHelpers__RhpNewArray 0000000180002790     Loader.obj
 0002:00000790       RhpNewArray                0000000180002790     Loader.obj
 0002:00000920       CoreLib_Internal_Runtime_CompilerHelpers_StartupCodeHelpers__SetEEType 0000000180002920     Loader.obj
 0002:00000970       CoreLib_Internal_Runtime_CompilerHelpers_StartupCodeHelpers__RhpAssignRef 0000000180002970     Loader.obj
 0002:00000970       RhpAssignRef               0000000180002970     Loader.obj
 0002:00000990       Loader_Loader_EFI_SIMPLE_TEXT_OUTPUT_PROTOCOL__OutputString 0000000180002990     Loader.obj
 0002:00000ac0       Loader_Loader_EFI_SIMPLE_TEXT_OUTPUT_PROTOCOL__ClearScreen 0000000180002ac0     Loader.obj
 0002:00000b80       Loader_Loader_Native__cpuid 0000000180002b80     Loader.obj
 0002:00000c20       Loader_Loader_Native__GetVendor 0000000180002c20     Loader.obj
 0002:00000cc0       Loader_Loader_Platform__Init 0000000180002cc0     Loader.obj
 0002:00000cf0       ClearConsole               0000000180002cf0     Loader.obj
 0002:00000cf0       Loader_Loader_Platform__ClearConsole 0000000180002cf0     Loader.obj
 0002:00000d20       Loader_Loader_Platform__Write 0000000180002d20     Loader.obj
 0002:00000d20       Write                      0000000180002d20     Loader.obj
 0002:00000d60       Loader_Loader_Platform__WriteLine 0000000180002d60     Loader.obj
 0002:00000d60       WriteLine                  0000000180002d60     Loader.obj
 0002:00000d90       Allocate                   0000000180002d90     Loader.obj
 0002:00000d90       Loader_Loader_Platform__Allocate 0000000180002d90     Loader.obj
 0002:00000e50       Loader_Loader_Platform__ZeroMemory 0000000180002e50     Loader.obj
 0002:00000e50       ZeroMemory                 0000000180002e50     Loader.obj
 0002:00000ee0       CopyMemory                 0000000180002ee0     Loader.obj
 0002:00000ee0       Loader_Loader_Platform__CopyMemory 0000000180002ee0     Loader.obj
 0002:00000f80       Loader_Loader_Program__Main 0000000180002f80     Loader.obj
 0002:00000f90       EfiMain                    0000000180002f90     Loader.obj
 0002:00000f90       Loader_Loader_Program__EfiMain 0000000180002f90     Loader.obj
 0002:00001040       Loader__Module___MainMethodWrapper 0000000180003040     Loader.obj
 0002:00001060       Loader__Module___StartupCodeMain 0000000180003060     Loader.obj
 0002:00001060       __managed__Main            0000000180003060     Loader.obj
 0002:000010b0       CoreLib_Internal_Runtime_CompilerServices_Unsafe__As<IntPtr__System___Canon> 00000001800030b0     Loader.obj
 0002:000010d0       CoreLib_Internal_Runtime_CompilerServices_Unsafe__As<System___Canon__System___Canon> 00000001800030d0     Loader.obj
 0003:00000000       __embedded_metadata        0000000180004000     Loader.obj
 0003:00000618       __embedded_metadata_End    0000000180004618     Loader.obj
 0003:00000618       __embedded_resourcedata    0000000180004618     Loader.obj
 0003:00000618       __embedded_resourcedata_End 0000000180004618     Loader.obj
 0003:00000618       __embedded_resourceindex   0000000180004618     Loader.obj
 0003:0000061b       __embedded_resourceindex_End 000000018000461b     Loader.obj
 0003:0000061b       __type_to_metadata_map     000000018000461b     Loader.obj
 0003:0000063e       __type_to_cctorContext_map 000000018000463e     Loader.obj
 0003:0000063e       __type_to_metadata_map_End 000000018000463e     Loader.obj
 0003:00000641       __method_to_entrypoint_map 0000000180004641     Loader.obj
 0003:00000641       __type_to_cctorContext_map_End 0000000180004641     Loader.obj
 0003:00000644       __delegate_marshalling_stub_map 0000000180004644     Loader.obj
 0003:00000644       __method_to_entrypoint_map_End 0000000180004644     Loader.obj
 0003:00000647       __delegate_marshalling_stub_map_End 0000000180004647     Loader.obj
 0003:00000647       __struct_marshalling_stub_map 0000000180004647     Loader.obj
 0003:0000064a       __array_type_map           000000018000464a     Loader.obj
 0003:0000064a       __struct_marshalling_stub_map_End 000000018000464a     Loader.obj
 0003:0000064d       __array_type_map_End       000000018000464d     Loader.obj
 0003:0000064d       __field_to_offset_map      000000018000464d     Loader.obj
 0003:00000650       __field_to_offset_map_End  0000000180004650     Loader.obj
 0003:00000650       __nativelayoutinfo         0000000180004650     Loader.obj
 0003:0000065b       __exact_method_instantiations 000000018000465b     Loader.obj
 0003:0000065b       __nativelayoutinfo_End     000000018000465b     Loader.obj
 0003:0000065e       __exact_method_instantiations_End 000000018000465e     Loader.obj
 0003:0000065e       __generic_types_hashtable  000000018000465e     Loader.obj
 0003:00000661       __generic_methods_hashtable 0000000180004661     Loader.obj
 0003:00000661       __generic_types_hashtable_End 0000000180004661     Loader.obj
 0003:00000674       __generic_methods_hashtable_End 0000000180004674     Loader.obj
 0003:00000674       __gvm_table                0000000180004674     Loader.obj
 0003:00000677       __gvm_table_End            0000000180004677     Loader.obj
 0003:00000677       __interface_gvm_table      0000000180004677     Loader.obj
 0003:0000067a       __GenericMethodsTemplateMap 000000018000467a     Loader.obj
 0003:0000067a       __interface_gvm_table_End  000000018000467a     Loader.obj
 0003:0000067d       __GenericMethodsTemplateMap_End 000000018000467d     Loader.obj
 0003:0000067d       __GenericTypesTemplateMap  000000018000467d     Loader.obj
 0003:00000680       __GenericTypesTemplateMap_End 0000000180004680     Loader.obj
 0003:00000680       __block_reflection_type_map 0000000180004680     Loader.obj
 0003:00000692       _StaticsInfoHashtableNode  0000000180004692     Loader.obj
 0003:00000692       __block_reflection_type_map_End 0000000180004692     Loader.obj
 0003:00000695       _StaticsInfoHashtableNode_End 0000000180004695     Loader.obj
 0003:00000695       __VirtualInvokeMap         0000000180004695     Loader.obj
 0003:00000698       __DefaultConstructor_Map   0000000180004698     Loader.obj
 0003:00000698       __VirtualInvokeMap_End     0000000180004698     Loader.obj
 0003:0000069f       __DefaultConstructor_Map_End 000000018000469f     Loader.obj
 0003:0000069f       __external_CommonFixupsTable_references 000000018000469f     Loader.obj
 0003:000006b7       __external_CommonFixupsTable_references_End 00000001800046b7     Loader.obj
 0003:000006b7       __external_NativeReferences_references 00000001800046b7     Loader.obj
 0003:000006cf       __external_NativeReferences_references_End 00000001800046cf     Loader.obj
 0003:000006cf       __external_NativeStatics_references 00000001800046cf     Loader.obj
 0003:000006cf       __external_NativeStatics_references_End 00000001800046cf     Loader.obj
 0003:000006d0       _stacktrace_methodRVA_to_token_mapping 00000001800046d0     Loader.obj
 0003:00000820       _stacktrace_methodRVA_to_token_mapping_End 0000000180004820     Loader.obj
 0003:00000828       __GenericDict_CoreLib_Internal_Runtime_CompilerServices_Unsafe__As<IntPtr__Object> 0000000180004828     Loader.obj
 0003:00000830       __GenericDict_CoreLib_Internal_Runtime_CompilerServices_Unsafe__As<Object__String> 0000000180004830     Loader.obj
 0003:00000830       __ReadyToRunHeader         0000000180004830     Loader.obj
 0003:00000b28       __readonlydata_g_compilerEmbeddedSettingsBlob 0000000180004b28     Loader.obj
 0003:00000b28       g_compilerEmbeddedSettingsBlob 0000000180004b28     Loader.obj
 0003:00000b2c       __readonlydata_g_requiredCpuFeatures 0000000180004b2c     Loader.obj
 0003:00000b2c       g_requiredCpuFeatures      0000000180004b2c     Loader.obj
 0003:00000b30       ??_7Object@@6B@            0000000180004b30     Loader.obj
 0003:00000b58       ??_7String@@6B@            0000000180004b58     Loader.obj
 0003:00000b90       __GCStaticEEType_01        0000000180004b90     Loader.obj
 0003:00000ba0       ??_7Boxed_IntPtr@@6B@      0000000180004ba0     Loader.obj
 0003:00000bc0       ??_7CoreLib_Internal_Runtime_CompilerServices_Unsafe@@6B@ 0000000180004bc0     Loader.obj
 0003:00000be8       ??_7Loader__Module_@@6B@   0000000180004be8     Loader.obj
 0003:00000c08       __ehinfo_CoreLib_CoreLib_Platform__Allocate 0000000180004c08     Loader.obj
 0003:00000c0e       __ehinfo_CoreLib_CoreLib_Platform__CopyMemory 0000000180004c0e     Loader.obj
 0003:00000c13       __ehinfo_CoreLib_CoreLib_Platform__ZeroMemory 0000000180004c13     Loader.obj
 0003:00000c18       __ehinfo_CoreLib_CoreLib_Platform__ClearConsole 0000000180004c18     Loader.obj
 0003:00000c1c       __ehinfo_CoreLib_CoreLib_Platform__WriteLine 0000000180004c1c     Loader.obj
 0003:00000c22       __ehinfo_Loader_Loader_Native__cpuid 0000000180004c22     Loader.obj
 0003:00000c27       __optionalfields_??_7Object@@6B@ 0000000180004c27     Loader.obj
 0003:00000c2a       __optionalfields_??_7CoreLib_Internal_Runtime_CompilerServices_Unsafe@@6B@ 0000000180004c2a     Loader.obj
 0003:00000c84       __volatile_metadata        0000000180004c84     <linker-defined>
 0003:00000e2c       _unwind0CoreLib_System_Console__Clear 0000000180004e2c     Loader.obj
 0003:00000e40       _unwind0CoreLib_System_Console__WriteLine 0000000180004e40     Loader.obj
 0003:00000e5c       _unwind0IntPtr___ctor      0000000180004e5c     Loader.obj
 0003:00000e78       _unwind0IntPtr__op_Explicit 0000000180004e78     Loader.obj
 0003:00000e88       _unwind0IntPtr__op_Explicit_0 0000000180004e88     Loader.obj
 0003:00000ea0       _unwind0Object___ctor      0000000180004ea0     Loader.obj
 0003:00000eb4       _unwind0String__Ctor       0000000180004eb4     Loader.obj
 0003:00000ed0       _unwind0String__Ctor_3     0000000180004ed0     Loader.obj
 0003:00000f08       _unwind0String___cctor     0000000180004f08     Loader.obj
 0003:00000f24       _unwind0CoreLib_System_Runtime_CompilerServices_RuntimeHelpers__get_OffsetToStringData 0000000180004f24     Loader.obj
 0003:00000f34       _unwind0CoreLib_CoreLib_Platform__Allocate 0000000180004f34     Loader.obj
 0003:00000f5c       _unwind1CoreLib_CoreLib_Platform__Allocate 0000000180004f5c     Loader.obj
 0003:00000f74       _unwind0CoreLib_CoreLib_Platform__CopyMemory 0000000180004f74     Loader.obj
 0003:00000f9c       _unwind1CoreLib_CoreLib_Platform__CopyMemory 0000000180004f9c     Loader.obj
 0003:00000fb4       _unwind0CoreLib_CoreLib_Platform__ZeroMemory 0000000180004fb4     Loader.obj
 0003:00000fdc       _unwind1CoreLib_CoreLib_Platform__ZeroMemory 0000000180004fdc     Loader.obj
 0003:00000ff4       _unwind0CoreLib_CoreLib_Platform__ClearConsole 0000000180004ff4     Loader.obj
 0003:0000101c       _unwind1CoreLib_CoreLib_Platform__ClearConsole 000000018000501c     Loader.obj
 0003:00001034       _unwind0CoreLib_CoreLib_Platform__WriteLine 0000000180005034     Loader.obj
 0003:00001064       _unwind1CoreLib_CoreLib_Platform__WriteLine 0000000180005064     Loader.obj
 0003:0000107c       _unwind0CoreLib_Internal_Runtime_EEType__get_ComponentSize 000000018000507c     Loader.obj
 0003:00001094       _unwind0CoreLib_Internal_Runtime_EEType__get_BaseSize 0000000180005094     Loader.obj
 0003:000010ac       _unwind0CoreLib_Internal_Runtime_CompilerHelpers_InteropHelpers__StringToAnsiString 00000001800050ac     Loader.obj
 0003:000010c8       _unwind0CoreLib_Internal_Runtime_CompilerHelpers_InteropHelpers__CoTaskMemFree 00000001800050c8     Loader.obj
 0003:000010d8       _unwind0CoreLib_Internal_Runtime_CompilerHelpers_StartupCodeHelpers__RhpReversePInvoke 00000001800050d8     Loader.obj
 0003:000010e8       _unwind0CoreLib_Internal_Runtime_CompilerHelpers_StartupCodeHelpers__RhpReversePInvokeReturn 00000001800050e8     Loader.obj
 0003:000010f8       _unwind0CoreLib_Internal_Runtime_CompilerHelpers_StartupCodeHelpers__RhpPInvoke 00000001800050f8     Loader.obj
 0003:00001108       _unwind0CoreLib_Internal_Runtime_CompilerHelpers_StartupCodeHelpers__RhpPInvokeReturn 0000000180005108     Loader.obj
 0003:00001118       _unwind0CoreLib_Internal_Runtime_CompilerHelpers_StartupCodeHelpers__RhpFallbackFailFast 0000000180005118     Loader.obj
 0003:00001128       _unwind0CoreLib_Internal_Runtime_CompilerHelpers_StartupCodeHelpers__RhpNewArray 0000000180005128     Loader.obj
 0003:00001154       _unwind0CoreLib_Internal_Runtime_CompilerHelpers_StartupCodeHelpers__SetEEType 0000000180005154     Loader.obj
 0003:00001168       _unwind0CoreLib_Internal_Runtime_CompilerHelpers_StartupCodeHelpers__RhpAssignRef 0000000180005168     Loader.obj
 0003:00001178       _unwind0Loader_Loader_EFI_SIMPLE_TEXT_OUTPUT_PROTOCOL__OutputString 0000000180005178     Loader.obj
 0003:000011b0       _unwind0Loader_Loader_EFI_SIMPLE_TEXT_OUTPUT_PROTOCOL__ClearScreen 00000001800051b0     Loader.obj
 0003:000011dc       _unwind0Loader_Loader_Native__cpuid 00000001800051dc     Loader.obj
 0003:00001204       _unwind1Loader_Loader_Native__cpuid 0000000180005204     Loader.obj
 0003:0000121c       _unwind0Loader_Loader_Native__GetVendor 000000018000521c     Loader.obj
 0003:0000123c       _unwind0Loader_Loader_Platform__Init 000000018000523c     Loader.obj
 0003:00001254       _unwind0Loader_Loader_Platform__ClearConsole 0000000180005254     Loader.obj
 0003:0000126c       _unwind0Loader_Loader_Platform__Write 000000018000526c     Loader.obj
 0003:00001288       _unwind0Loader_Loader_Platform__WriteLine 0000000180005288     Loader.obj
 0003:000012a4       _unwind0Loader_Loader_Platform__Allocate 00000001800052a4     Loader.obj
 0003:000012cc       _unwind0Loader_Loader_Platform__ZeroMemory 00000001800052cc     Loader.obj
 0003:000012f0       _unwind0Loader_Loader_Platform__CopyMemory 00000001800052f0     Loader.obj
 0003:00001314       _unwind0Loader_Loader_Program__Main 0000000180005314     Loader.obj
 0003:00001324       _unwind0Loader_Loader_Program__EfiMain 0000000180005324     Loader.obj
 0003:00001348       _unwind0Loader__Module___MainMethodWrapper 0000000180005348     Loader.obj
 0003:00001358       _unwind0Loader__Module___StartupCodeMain 0000000180005358     Loader.obj
 0003:0000136c       _unwind0CoreLib_Internal_Runtime_CompilerServices_Unsafe__As<IntPtr__System___Canon> 000000018000536c     Loader.obj
 0003:00001380       _unwind0CoreLib_Internal_Runtime_CompilerServices_Unsafe__As<System___Canon__System___Canon> 0000000180005380     Loader.obj
 0004:00000000       __FrozenSegmentRegionStart 0000000180006000     Loader.obj
 0004:00000008       __Str_                     0000000180006008     Loader.obj
 0004:00000020       __Str____B7F560303EE2CCA55615B53FCFF87C6AB2C55F9E71A6CEA93C61B572213E7075 0000000180006020     Loader.obj
 0004:00000040       __Str_PhoenixOS_Loader_D57FED670F53441A8EE1A8863860B2B068D157D3BF58D72B11B61055FC8BB322 0000000180006040     Loader.obj
 0004:00000078       __Str_aaaaaaaaaaaaHello_world_from_C_F58AA7AA78CB11618123DE9C2E45A2B63040C26540A8960F9F67966EBCBD26FD 0000000180006078     Loader.obj
 0004:000000d0       __Str_yay                  00000001800060d0     Loader.obj
 0004:000000f0       __EagerCctorStart          00000001800060f0     Loader.obj
 0004:000000f0       __FrozenSegmentRegionEnd   00000001800060f0     Loader.obj
 0004:000000f8       __EagerCctorEnd            00000001800060f8     Loader.obj
 0004:000000f8       __GCStaticRegionStart      00000001800060f8     Loader.obj
 0004:00000100       __GCStaticRegionEnd        0000000180006100     Loader.obj
 0004:00000100       __typemanager_indirection  0000000180006100     Loader.obj
 0004:00000110       ?__GCSTATICS@String@@      0000000180006110     Loader.obj
 0004:00000118       ?__NONGCSTATICS@Loader_Loader_Platform@@ 0000000180006118     Loader.obj
 0004:00000118       __module_initializers      0000000180006118     Loader.obj
 0004:00000118       __module_initializers_End  0000000180006118     Loader.obj
 0004:00000120       __writableDataCoreLib_Internal_Runtime_CompilerServices_Unsafe 0000000180006120     Loader.obj
 0004:00000128       __writableDataIntPtr       0000000180006128     Loader.obj
 0004:00000130       __writableDataLoader__Module_ 0000000180006130     Loader.obj
 0004:00000138       __writableDataObject       0000000180006138     Loader.obj
 0004:00000140       __writableDataString       0000000180006140     Loader.obj
 0006:00000000       __Module                   0000000180008000     Loader.obj

 entry point at        0002:00000f90

 Static symbols

 0003:00001394       $unwind$cpuid_GetVendor    0000000180005394     NativeLib:cpuid.obj
 0007:000000a0       $R000000                   00000001800090a0     Loader.res
 0007:000002e8       $R000248                   00000001800092e8     Loader.res
